2025-11-15 12:22:00 | INFO | repo=pv243-2015-management-seminar | action=commit
2025-03-20 19:17:00 | INFO | repo=pv243-2015-management-seminar | action=commit
2025-12-02 13:00:00 | WARN | repo=pv243-2015-management-seminar | action=edit | files=5
2025-10-13 17:45:00 | WARN | repo=pv243-2015-management-seminar | action=pull
2025-05-05 20:06:00 | DEBUG | repo=pv243-2015-management-seminar | action=commit
2025-03-07 19:26:00 | DEBUG | repo=pv243-2015-management-seminar | action=commit
2025-09-11 15:02:00 | WARN | repo=pv243-2015-management-seminar | action=commit
2025-12-20 21:51:00 | INFO | repo=pv243-2015-management-seminar | action=test | passed=true
2025-10-07 08:22:00 | WARN | repo=pv243-2015-management-seminar | action=commit
2025-10-28 19:51:00 | WARN | repo=pv243-2015-management-seminar | action=test | passed=true
2025-02-10 20:43:00 | INFO | repo=pv243-2015-management-seminar | action=pull
2025-06-26 20:37:00 | DEBUG | repo=pv243-2015-management-seminar | action=commit
2025-12-21 17:57:00 | WARN | repo=pv243-2015-management-seminar | action=commit
2025-07-10 15:42:00 | INFO | repo=pv243-2015-management-seminar | action=commit
2025-09-10 21:17:00 | DEBUG | repo=pv243-2015-management-seminar | action=commit
2025-05-21 20:00:00 | WARN | repo=pv243-2015-management-seminar | action=commit
2025-08-12 08:02:00 | WARN | repo=pv243-2015-management-seminar | action=pull
2025-08-27 19:14:00 | INFO | repo=pv243-2015-management-seminar | action=commit
2025-09-26 17:29:00 | DEBUG | repo=pv243-2015-management-seminar | action=pull
2025-05-20 14:45:00 | WARN | repo=pv243-2015-management-seminar | action=test | passed=true
2025-05-05 19:50:00 | DEBUG | repo=pv243-2015-management-seminar | action=pull
2025-12-15 12:39:00 | INFO | repo=pv243-2015-management-seminar | action=test | passed=true
2025-02-01 12:37:00 | INFO | repo=pv243-2015-management-seminar | action=edit | files=4
2025-12-07 16:57:00 | WARN | repo=pv243-2015-management-seminar | action=commit
2025-03-03 07:40:00 | WARN | repo=pv243-2015-management-seminar | action=commit
2025-05-17 11:24:00 | DEBUG | repo=pv243-2015-management-seminar | action=edit | files=4
2025-06-24 13:08:00 | WARN | repo=pv243-2015-management-seminar | action=test | passed=true
2025-07-13 09:36:00 | INFO | repo=pv243-2015-management-seminar | action=test | passed=true
2025-01-04 16:41:00 | DEBUG | repo=pv243-2015-management-seminar | action=commit
2025-03-09 21:05:00 | INFO | repo=pv243-2015-management-seminar | action=edit | files=1
2025-05-14 10:11:00 | INFO | repo=pv243-2015-management-seminar | action=commit
2025-01-24 20:11:00 | INFO | repo=pv243-2015-management-seminar | action=pull
2025-06-22 14:09:00 | INFO | repo=pv243-2015-management-seminar | action=commit
2025-06-17 13:52:00 | INFO | repo=pv243-2015-management-seminar | action=commit
2025-11-03 19:21:00 | WARN | repo=pv243-2015-management-seminar | action=commit
2025-07-11 16:00:00 | INFO | repo=pv243-2015-management-seminar | action=commit
2025-01-02 21:26:00 | DEBUG | repo=pv243-2015-management-seminar | action=commit
2025-03-04 08:01:00 | DEBUG | repo=pv243-2015-management-seminar | action=test | passed=true
2025-12-07 20:42:00 | DEBUG | repo=pv243-2015-management-seminar | action=commit
2025-09-22 15:29:00 | WARN | repo=pv243-2015-management-seminar | action=commit
2025-03-01 08:51:00 | DEBUG | repo=pv243-2015-management-seminar | action=commit
2025-10-11 20:34:00 | WARN | repo=pv243-2015-management-seminar | action=commit
2025-05-10 18:52:00 | INFO | repo=pv243-2015-management-seminar | action=test | passed=true
2025-09-19 14:36:00 | INFO | repo=pv243-2015-management-seminar | action=test | passed=true
2025-02-22 21:23:00 | DEBUG | repo=pv243-2015-management-seminar | action=commit
2025-09-15 08:30:00 | WARN | repo=pv243-2015-management-seminar | action=commit
2025-08-01 21:20:00 | WARN | repo=pv243-2015-management-seminar | action=commit
2025-02-27 08:51:00 | INFO | repo=pv243-2015-management-seminar | action=test | passed=true
2025-03-13 17:17:00 | WARN | repo=pv243-2015-management-seminar | action=commit
2025-09-26 20:29:00 | INFO | repo=pv243-2015-management-seminar | action=test | passed=true
2025-01-11 07:20:00 | INFO | repo=pv243-2015-management-seminar | action=pull
2025-10-03 07:21:00 | INFO | repo=pv243-2015-management-seminar | action=test | passed=true
2025-08-27 18:23:00 | WARN | repo=pv243-2015-management-seminar | action=edit | files=3
2025-04-27 18:56:00 | INFO | repo=pv243-2015-management-seminar | action=commit
2025-06-22 11:27:00 | DEBUG | repo=pv243-2015-management-seminar | action=test | passed=true
2025-01-21 21:56:00 | INFO | repo=pv243-2015-management-seminar | action=test | passed=true
2025-02-14 21:50:00 | WARN | repo=pv243-2015-management-seminar | action=commit
2025-03-25 18:09:00 | DEBUG | repo=pv243-2015-management-seminar | action=commit
2025-04-15 10:02:00 | WARN | repo=pv243-2015-management-seminar | action=test | passed=true
2025-04-26 19:47:00 | WARN | repo=pv243-2015-management-seminar | action=commit
2025-11-15 14:45:00 | DEBUG | repo=pv243-2015-management-seminar | action=commit
2025-10-09 07:32:00 | INFO | repo=pv243-2015-management-seminar | action=edit | files=4
2025-06-22 13:50:00 | INFO | repo=pv243-2015-management-seminar | action=commit
2025-05-27 18:37:00 | INFO | repo=pv243-2015-management-seminar | action=edit | files=2
2025-11-26 18:31:00 | DEBUG | repo=pv243-2015-management-seminar | action=commit
2025-05-08 14:07:00 | DEBUG | repo=pv243-2015-management-seminar | action=pull
2025-03-23 08:07:00 | INFO | repo=pv243-2015-management-seminar | action=commit
2025-06-11 10:23:00 | INFO | repo=pv243-2015-management-seminar | action=test | passed=true
2025-06-12 18:46:00 | WARN | repo=pv243-2015-management-seminar | action=commit
2025-07-01 20:10:00 | DEBUG | repo=pv243-2015-management-seminar | action=commit
2025-10-22 19:48:00 | INFO | repo=pv243-2015-management-seminar | action=commit
2025-02-26 09:13:00 | DEBUG | repo=pv243-2015-management-seminar | action=edit | files=4
2025-12-09 18:58:00 | INFO | repo=pv243-2015-management-seminar | action=commit
2025-10-03 07:04:00 | DEBUG | repo=pv243-2015-management-seminar | action=pull
2025-09-24 17:12:00 | INFO | repo=pv243-2015-management-seminar | action=test | passed=true
2025-12-28 21:21:00 | INFO | repo=pv243-2015-management-seminar | action=pull
2025-09-07 20:40:00 | INFO | repo=pv243-2015-management-seminar | action=edit | files=5
2025-06-10 21:47:00 | WARN | repo=pv243-2015-management-seminar | action=commit
2025-06-23 21:06:00 | INFO | repo=pv243-2015-management-seminar | action=commit
2025-05-10 16:43:00 | DEBUG | repo=pv243-2015-management-seminar | action=test | passed=true
2025-09-03 20:43:00 | WARN | repo=pv243-2015-management-seminar | action=test | passed=true
2025-11-26 11:58:00 | DEBUG | repo=pv243-2015-management-seminar | action=commit
2025-08-20 14:50:00 | DEBUG | repo=pv243-2015-management-seminar | action=test | passed=true
2025-08-19 14:03:00 | DEBUG | repo=pv243-2015-management-seminar | action=test | passed=true
2025-07-21 08:13:00 | INFO | repo=pv243-2015-management-seminar | action=commit
2025-04-19 10:35:00 | INFO | repo=pv243-2015-management-seminar | action=pull
2025-01-20 18:34:00 | WARN | repo=pv243-2015-management-seminar | action=commit
2025-03-24 12:52:00 | WARN | repo=pv243-2015-management-seminar | action=commit
2025-05-11 11:09:00 | DEBUG | repo=pv243-2015-management-seminar | action=commit
2025-06-20 12:02:00 | INFO | repo=pv243-2015-management-seminar | action=test | passed=true
2025-08-27 20:20:00 | DEBUG | repo=pv243-2015-management-seminar | action=commit
